Microchip MPLAB XC8 Compiler V2.10 ()

Linker command line:

-W-3 --edf=/opt/microchip/xc8/v2.10/pic/dat/en_msgs.txt -cs \
  -h+dist/default/production/pic16f684_7-segment-x-3_naumovich_consultant.X.production.sym \
  --cmf=dist/default/production/pic16f684_7-segment-x-3_naumovich_consultant.X.production.cmf \
  -z -Q16F684 -o/tmp/xcX8lclJ4 --defsym=__MPLAB_BUILD=1 \
  -Mdist/default/production/pic16f684_7-segment-x-3_naumovich_consultant.X.production.map \
  -E1 -ver=XC8 --acfsm=1493 -ASTACK=0A0h-0BFh -pstack=STACK \
  -ACODE=00h-07FFh -ASTRCODE=00h-07FFh -ASTRING=00h-0FFhx8 \
  -ACONST=00h-0FFhx8 -AENTRY=00h-0FFhx8 -ACOMMON=070h-07Fh \
  -ABANK0=020h-06Fh -ABANK1=0A0h-0BFh -ARAM=020h-06Fh,0A0h-0BFh \
  -AABS1=020h-07Fh,0A0h-0BFh -ASFR0=00h-01Fh -ASFR1=080h-09Fh \
  -preset_vec=00h,intentry,init,end_init -ppowerup=CODE -pcinit=CODE \
  -pfunctab=ENTRY -ACONFIG=02007h-02007h -pconfig=CONFIG -DCONFIG=2 \
  -AIDLOC=02000h-02003h -pidloc=IDLOC -DIDLOC=2 -AEEDATA=00h-0FFh/02100h \
  -peeprom_data=EEDATA -DEEDATA=2 -DCODE=2 -DSTRCODE=2 -DSTRING=2 -DCONST=2 \
  -DENTRY=2 -k /tmp/xcXrOi29W.o \
  dist/default/production/pic16f684_7-segment-x-3_naumovich_consultant.X.production.o 

Object code version is 3.11

Machine type is 16F684



                Name                               Link     Load   Length Selector   Space Scale
/tmp/xcXrOi29W.o
                end_init                              0        0        1        0       0
                config                             2007     2007        1     400E       0
dist/default/production/pic16f684_7-segment-x-3_naumovich_consultant.X.production.o
                cinit                               7F5      7F5        B      FEA       0
                text19                               C6       C6        7      18C       0
                text18                              15E      15E       24      2BC       0
                text17                              61D      61D      1D8      C3A       0
                text16                              258      258       7B      4B0       0
                text15                              2D3      2D3       BA      5A6       0
                text14                              38D      38D       EE      71A       0
                text13                               F9       F9       11      1F2       0
                text12                              10A      10A       11      214       0
                text11                              11B      11B       11      236       0
                text10                               CD       CD        7      19A       0
                text9                                D4       D4        7      1A8       0
                text8                                DB       DB        7      1B6       0
                text7                                E9       E9        8      1D2       0
                text6                               1F1      1F1       67      3E2       0
                text5                               12C      12C       15      258       0
                text4                               1B7      1B7       3A      36E       0
                text3                                E2       E2        7      1C4       0
                text2                               182      182       35      304       0
                text1                               141      141       1D      282       0
                maintext                            47B      47B      1A2      8F6       0
                cstackBANK0                          20       20       29       20       1
                cstackCOMMON                         70       70        E       70       1
                clrtext                              F1       F1        8      1E2       0
                dataBANK0                            55       55        2       20       1
                bssBANK0                             49       49        C       20       1
                idataBANK0                           C4       C4        2      188       0

TOTAL           Name                               Link     Load   Length     Space
        CLASS   STACK          

        CLASS   CODE           
                end_init                              0        0        1         0
                cinit                               7F5      7F5        B         0
                text19                               C6       C6        7         0
                text18                              15E      15E       24         0
                text17                              61D      61D      1D8         0
                text16                              258      258       7B         0
                text15                              2D3      2D3       BA         0
                text14                              38D      38D       EE         0
                text13                               F9       F9       11         0
                text12                              10A      10A       11         0
                text11                              11B      11B       11         0
                text10                               CD       CD        7         0
                text9                                D4       D4        7         0
                text8                                DB       DB        7         0
                text7                                E9       E9        8         0
                text6                               1F1      1F1       67         0
                text5                               12C      12C       15         0
                text4                               1B7      1B7       3A         0
                text3                                E2       E2        7         0
                text2                               182      182       35         0
                text1                               141      141       1D         0
                maintext                            47B      47B      1A2         0
                clrtext                              F1       F1        8         0
                idataBANK0                           C4       C4        2         0

        CLASS   STRCODE        

        CLASS   STRING         

        CLASS   CONST          

        CLASS   ENTRY          

        CLASS   COMMON         
                cstackCOMMON                         70       70        E         1

        CLASS   BANK0          
                cstackBANK0                          20       20       29         1
                dataBANK0                            55       55        2         1
                bssBANK0                             49       49        C         1

        CLASS   BANK1          

        CLASS   RAM            

        CLASS   ABS1           
                abs_s1                               7E       7E        2         1

        CLASS   SFR0           

        CLASS   SFR1           

        CLASS   CONFIG         
                config                             2007     2007        1         0

        CLASS   IDLOC          

        CLASS   EEDATA         



SEGMENTS        Name                           Load    Length   Top    Selector   Space  Class     Delta

                reset_vec                      000000  000001  000001         0       0  CODE        2
                cstackBANK0                    000020  000037  000057        20       1  BANK0       1
                cstackCOMMON                   000070  00000E  00007E        70       1  COMMON      1
                idataBANK0                     0000C4  000002  0000C6       188       0  CODE        2
                text19                         0000C6  000007  0000CD       18C       0  CODE        2
                text10                         0000CD  000007  0000D4       19A       0  CODE        2
                text9                          0000D4  000007  0000DB       1A8       0  CODE        2
                text8                          0000DB  000007  0000E2       1B6       0  CODE        2
                text3                          0000E2  000007  0000E9       1C4       0  CODE        2
                text7                          0000E9  000008  0000F1       1D2       0  CODE        2
                clrtext                        0000F1  000008  0000F9       1E2       0  CODE        2
                text13                         0000F9  000011  00010A       1F2       0  CODE        2
                text12                         00010A  000011  00011B       214       0  CODE        2
                text11                         00011B  000011  00012C       236       0  CODE        2
                text5                          00012C  000015  000141       258       0  CODE        2
                text1                          000141  00001D  00015E       282       0  CODE        2
                text18                         00015E  000024  000182       2BC       0  CODE        2
                text2                          000182  000035  0001B7       304       0  CODE        2
                text4                          0001B7  00003A  0001F1       36E       0  CODE        2
                text6                          0001F1  000067  000258       3E2       0  CODE        2
                text16                         000258  00007B  0002D3       4B0       0  CODE        2
                text15                         0002D3  0000BA  00038D       5A6       0  CODE        2
                text14                         00038D  0000EE  00047B       71A       0  CODE        2
                maintext                       00047B  0001A2  00061D       8F6       0  CODE        2
                text17                         00061D  0001D8  0007F5       C3A       0  CODE        2
                cinit                          0007F5  00000B  000800       FEA       0  CODE        2
                config                         002007  000001  002008      400E       0  CONFIG      2


UNUSED ADDRESS RANGES

        Name                Unused          Largest block    Delta
        BANK0            0057-006F             19           1
        BANK1            00A0-00BF             20           1
        CODE             0001-00C3             C3           2
        CONST            0001-00C3             C3           2
        EEDATA           2100-21FF            100           2
        ENTRY            0001-00C3             C3           2
        IDLOC            2000-2003              4           2
        RAM              0057-006F             19           1
                         00A0-00BF             20
        SFR0             0000-001F             20           1
        SFR1             0080-009F             20           1
        STACK            00A0-00BF             20           1
        STRCODE          0001-00C3             C3           2
        STRING           0001-00C3             C3           2

                                  Symbol Table

?___awdiv                    cstackCOMMON 0070
?___fldiv                    cstackBANK0  0020
?___fltol                    cstackBANK0  003A
?___xxtofl                   cstackCOMMON 0070
?_get_temp_value             cstackCOMMON 0079
ADC_Start@channel            cstackCOMMON 0072
_ADCON0                      (abs)        001F
_ADCON1                      (abs)        009F
_ADC_Init                    text19       00C6
_ADC_Start                   text18       015E
_ADRESH                      (abs)        001E
_ADRESL                      (abs)        009E
_ANSEL                       (abs)        0091
_CMCON0                      (abs)        0019
_GO_nDONE                    (abs)        00F9
_RA0                         (abs)        0028
_RA1                         (abs)        0029
_RA3                         (abs)        002B
_RA4                         (abs)        002C
_RA5                         (abs)        002D
_RC0                         (abs)        0038
_RC1                         (abs)        0039
_RC2                         (abs)        003A
_RC3                         (abs)        003B
_RC4                         (abs)        003C
_RC5                         (abs)        003D
_TRISA                       (abs)        0085
_TRISC                       (abs)        0087
__CFG_BOREN$OFF              (abs)        0000
__CFG_CP$OFF                 (abs)        0000
__CFG_CPD$OFF                (abs)        0000
__CFG_FCMEN$OFF              (abs)        0000
__CFG_FOSC$INTOSCIO          (abs)        0000
__CFG_IESO$OFF               (abs)        0000
__CFG_MCLRE$OFF              (abs)        0000
__CFG_PWRTE$OFF              (abs)        0000
__CFG_WDTE$OFF               (abs)        0000
__Habs1                      abs1         0000
__Hbank0                     bank0        0000
__Hbank1                     bank1        0000
__HbssBANK0                  bssBANK0     0000
__Hcinit                     cinit        0800
__Hclrtext                   clrtext      0000
__Hcode                      code         0000
__Hcommon                    common       0000
__Hconfig                    config       2008
__HcstackBANK0               cstackBANK0  0000
__HcstackCOMMON              cstackCOMMON 0000
__HdataBANK0                 dataBANK0    0000
__Heeprom_data               eeprom_data  0000
__Hend_init                  end_init     0001
__Hfunctab                   functab      0000
__HidataBANK0                idataBANK0   0000
__Hidloc                     idloc        0000
__Hinit                      init         0000
__Hintentry                  intentry     0000
__Hmaintext                  maintext     0000
__Hpowerup                   powerup      0000
__Hram                       ram          0000
__Hreset_vec                 reset_vec    0000
__Hsfr0                      sfr0         0000
__Hsfr1                      sfr1         0000
__Hspace_0                   (abs)        2008
__Hspace_1                   (abs)        007E
__Hspace_2                   (abs)        0000
__Hspace_3                   (abs)        0000
__Hstack                     stack        0000
__Hstrings                   strings      0000
__Htext                      text         0000
__Labs1                      abs1         0000
__Lbank0                     bank0        0000
__Lbank1                     bank1        0000
__LbssBANK0                  bssBANK0     0000
__Lcinit                     cinit        07F5
__Lclrtext                   clrtext      0000
__Lcode                      code         0000
__Lcommon                    common       0000
__Lconfig                    config       2007
__LcstackBANK0               cstackBANK0  0000
__LcstackCOMMON              cstackCOMMON 0000
__LdataBANK0                 dataBANK0    0000
__Leeprom_data               eeprom_data  0000
__Lend_init                  end_init     0000
__Lfunctab                   functab      0000
__LidataBANK0                idataBANK0   0000
__Lidloc                     idloc        0000
__Linit                      init         0000
__Lintentry                  intentry     0000
__Lmaintext                  maintext     0000
__Lpowerup                   powerup      0000
__Lram                       ram          0000
__Lreset_vec                 reset_vec    0000
__Lsfr0                      sfr0         0000
__Lsfr1                      sfr1         0000
__Lspace_0                   (abs)        0000
__Lspace_1                   (abs)        0000
__Lspace_2                   (abs)        0000
__Lspace_3                   (abs)        0000
__Lstack                     stack        0000
__Lstrings                   strings      0000
__Ltext                      text         0000
__S0                         (abs)        2008
__S1                         (abs)        007E
__S2                         (abs)        0000
__S3                         (abs)        0000
___awdiv                     text6        01F1
___awdiv@counter             cstackCOMMON 0075
___awdiv@dividend            cstackCOMMON 0072
___awdiv@divisor             cstackCOMMON 0070
___awdiv@quotient            cstackCOMMON 0077
___awdiv@sign                cstackCOMMON 0076
___bmul                      text5        012C
___bmul@multiplicand         cstackCOMMON 0079
___bmul@multiplier           cstackCOMMON 007C
___bmul@product              cstackCOMMON 007B
___fldiv                     text17       061D
___fldiv@a                   cstackBANK0  0020
___fldiv@aexp                cstackBANK0  0039
___fldiv@b                   cstackBANK0  0024
___fldiv@bexp                cstackBANK0  0038
___fldiv@grs                 cstackBANK0  0034
___fldiv@new_exp             cstackBANK0  0032
___fldiv@rem                 cstackBANK0  002D
___fldiv@sign                cstackBANK0  0031
___fltol                     text16       0258
___fltol@exp1                cstackBANK0  0044
___fltol@f1                  cstackBANK0  003A
___fltol@sign1               cstackBANK0  0043
___int_sp                    stack        0000
___latbits                   (abs)        0000
___sp                        stack        0000
___stackhi                   (abs)        0000
___stacklo                   (abs)        0000
___xxtofl                    text15       02D3
___xxtofl@arg                cstackCOMMON 007A
___xxtofl@exp                cstackCOMMON 0079
___xxtofl@sign               cstackCOMMON 0078
___xxtofl@val                cstackCOMMON 0070
__end_of_ADC_Init            text19       00CD
__end_of_ADC_Start           text18       0182
__end_of___awdiv             text6        0258
__end_of___bmul              text5        0141
__end_of___fldiv             text17       07F5
__end_of___fltol             text16       02D3
__end_of___xxtofl            text15       038D
__end_of__initialization     cinit        07FE
__end_of_convert_to_segment  text14       047B
__end_of_draw_add            text10       00D4
__end_of_draw_hot            text9        00DB
__end_of_draw_minus          text8        00E2
__end_of_draw_needed_amount  text7        00F1
__end_of_draw_temp           text4        01F1
__end_of_draw_to             text3        00E9
__end_of_get_temp_value      text2        01B7
__end_of_init_LED            text1        015E
__end_of_main                maintext     061D
__end_of_show_LED1           text13       010A
__end_of_show_LED2           text12       011B
__end_of_show_LED3           text11       012C
__initialization             cinit        07F5
__pbssBANK0                  bssBANK0     0049
__pcstackBANK0               cstackBANK0  0020
__pcstackCOMMON              cstackCOMMON 0070
__pdataBANK0                 dataBANK0    0055
__pidataBANK0                idataBANK0   00C4
__pmaintext                  maintext     047B
__ptext1                     text1        0141
__ptext10                    text10       00CD
__ptext11                    text11       011B
__ptext12                    text12       010A
__ptext13                    text13       00F9
__ptext14                    text14       038D
__ptext15                    text15       02D3
__ptext16                    text16       0258
__ptext17                    text17       061D
__ptext18                    text18       015E
__ptext19                    text19       00C6
__ptext2                     text2        0182
__ptext3                     text3        00E2
__ptext4                     text4        01B7
__ptext5                     text5        012C
__ptext6                     text6        01F1
__ptext7                     text7        00E9
__ptext8                     text8        00DB
__ptext9                     text9        00D4
__size_of_ADC_Init           (abs)        0000
__size_of_ADC_Start          (abs)        0000
__size_of___awdiv            (abs)        0000
__size_of___bmul             (abs)        0000
__size_of___fldiv            (abs)        0000
__size_of___fltol            (abs)        0000
__size_of___xxtofl           (abs)        0000
__size_of_convert_to_segment (abs)        0000
__size_of_draw_add           (abs)        0000
__size_of_draw_hot           (abs)        0000
__size_of_draw_minus         (abs)        0000
__size_of_draw_needed_amount (abs)        0000
__size_of_draw_temp          (abs)        0000
__size_of_draw_to            (abs)        0000
__size_of_get_temp_value     (abs)        0000
__size_of_init_LED           (abs)        0000
__size_of_main               (abs)        0000
__size_of_show_LED1          (abs)        0000
__size_of_show_LED2          (abs)        0000
__size_of_show_LED3          (abs)        0000
_already_messured            dataBANK0    0055
_change_counter              bssBANK0     0051
_convert_to_segment          text14       038D
_counter                     bssBANK0     004B
_draw_add                    text10       00CD
_draw_hot                    text9        00D4
_draw_minus                  text8        00DB
_draw_needed_amount          text7        00E9
_draw_temp                   text4        01B7
_draw_to                     text3        00E2
_get_temp_value              text2        0182
_i                           bssBANK0     004D
_init_LED                    text1        0141
_main                        maintext     047B
_messured_temp               dataBANK0    0056
_show_LED1                   text13       00F9
_show_LED2                   text12       010A
_show_LED3                   text11       011B
_temp                        bssBANK0     0049
_temp_going_up               bssBANK0     0052
_temp_index                  bssBANK0     0053
_value                       bssBANK0     0054
btemp                        (abs)        007E
clear_ram0                   clrtext      00F1
convert_to_segment@value     cstackCOMMON 0072
draw_needed_amount@i         cstackCOMMON 0076
draw_temp@d                  cstackBANK0  0025
draw_temp@i                  cstackBANK0  0024
end_of_initialization        cinit        07FE
get_temp_value@i             cstackBANK0  0022
get_temp_value@result        cstackBANK0  0020
intlevel0                    functab      0000
intlevel1                    functab      0000
intlevel2                    functab      0000
intlevel3                    functab      0000
intlevel4                    functab      0000
intlevel5                    functab      0000
main@i                       cstackBANK0  0048
reset_vec                    reset_vec    0000
show_LED1@c                  cstackCOMMON 0075
show_LED2@c                  cstackCOMMON 0075
show_LED3@c                  cstackCOMMON 0075
start                        init         0000
start_initialization         cinit        07F5
wtemp0                       (abs)        007E


FUNCTION INFORMATION:

 *************** function _main *****************
 Defined at:
		line 59 in file "main.c"
 Parameters:    Size  Location     Type
		None
 Auto vars:     Size  Location     Type
  i               1   40[BANK0 ] unsigned char 
 Return value:  Size  Location     Type
                  1    wreg      void 
 Registers used:
		wreg, fsr0l, fsr0h, status,2, status,0, btemp+1, pclath, cstack
 Tracked objects:
		On entry : 
		On exit  : 
		Unchanged: 
 Data sizes:     COMMON   BANK0   BANK1
      Params:         0       0       0
      Locals:         0       1       0
      Temps:          0       3       0
      Totals:         0       4       0
Total ram usage:        4 bytes
 Hardware stack levels required when called:    3
 This function calls:
		_ADC_Init
		_ADC_Start
		___fldiv
		___fltol
		___xxtofl
		_draw_add
		_draw_hot
		_draw_minus
		_draw_needed_amount
		_draw_temp
		_draw_to
		_get_temp_value
		_init_LED
		_show_LED1
		_show_LED2
		_show_LED3
 This function is called by:
		Startup code after reset
 This function uses a non-reentrant model


 *************** function _init_LED *****************
 Defined at:
		line 263 in file "7-segment-x-3.c"
 Parameters:    Size  Location     Type
		None
 Auto vars:     Size  Location     Type
		None
 Return value:  Size  Location     Type
                  1    wreg      void 
 Registers used:
		wreg
 Tracked objects:
		On entry : 
		On exit  : 
		Unchanged: 
 Data sizes:     COMMON   BANK0   BANK1
      Params:         0       0       0
      Locals:         0       0       0
      Temps:          3       0       0
      Totals:         3       0       0
Total ram usage:        3 bytes
 Hardware stack levels used:    1
 This function calls:
		Nothing
 This function is called by:
		_main
 This function uses a non-reentrant model


 *************** function _get_temp_value *****************
 Defined at:
		line 50 in file "main.c"
 Parameters:    Size  Location     Type
		None
 Auto vars:     Size  Location     Type
  i               2    2[BANK0 ] int 
  result          2    0[BANK0 ] int 
 Return value:  Size  Location     Type
                  2    9[COMMON] int 
 Registers used:
		wreg, fsr0l, fsr0h, status,2, status,0, btemp+1, pclath, cstack
 Tracked objects:
		On entry : 
		On exit  : 
		Unchanged: 
 Data sizes:     COMMON   BANK0   BANK1
      Params:         2       0       0
      Locals:         0       4       0
      Temps:          0       0       0
      Totals:         2       4       0
Total ram usage:        6 bytes
 Hardware stack levels used:    1
 Hardware stack levels required when called:    1
 This function calls:
		___awdiv
 This function is called by:
		_main
 This function uses a non-reentrant model


 *************** function _draw_to *****************
 Defined at:
		line 232 in file "7-segment-x-3.c"
 Parameters:    Size  Location     Type
		None
 Auto vars:     Size  Location     Type
		None
 Return value:  Size  Location     Type
                  1    wreg      void 
 Registers used:
		wreg, fsr0l, fsr0h, status,2, status,0, pclath, cstack
 Tracked objects:
		On entry : 
		On exit  : 
		Unchanged: 
 Data sizes:     COMMON   BANK0   BANK1
      Params:         0       0       0
      Locals:         0       0       0
      Temps:          0       0       0
      Totals:         0       0       0
Total ram usage:        0 bytes
 Hardware stack levels used:    1
 Hardware stack levels required when called:    2
 This function calls:
		_show_LED1
		_show_LED2
		_show_LED3
 This function is called by:
		_main
 This function uses a non-reentrant model


 *************** function _draw_temp *****************
 Defined at:
		line 207 in file "7-segment-x-3.c"
 Parameters:    Size  Location     Type
  i               1    wreg     unsigned char 
 Auto vars:     Size  Location     Type
  i               1    4[BANK0 ] unsigned char 
  d               1    5[BANK0 ] unsigned char 
 Return value:  Size  Location     Type
                  1    wreg      void 
 Registers used:
		wreg, fsr0l, fsr0h, status,2, status,0, pclath, cstack
 Tracked objects:
		On entry : 
		On exit  : 
		Unchanged: 
 Data sizes:     COMMON   BANK0   BANK1
      Params:         0       0       0
      Locals:         0       2       0
      Temps:          0       4       0
      Totals:         0       6       0
Total ram usage:        6 bytes
 Hardware stack levels used:    1
 Hardware stack levels required when called:    2
 This function calls:
		___awdiv
		___bmul
		_show_LED1
		_show_LED2
		_show_LED3
 This function is called by:
		_main
 This function uses a non-reentrant model


 *************** function ___bmul *****************
 Defined at:
		line 4 in file "/opt/microchip/xc8/v2.10/pic/sources/c90/common/Umul8.c"
 Parameters:    Size  Location     Type
  multiplier      1    wreg     unsigned char 
  multiplicand    1    9[COMMON] unsigned char 
 Auto vars:     Size  Location     Type
  multiplier      1   12[COMMON] unsigned char 
  product         1   11[COMMON] unsigned char 
 Return value:  Size  Location     Type
                  1    wreg      unsigned char 
 Registers used:
		wreg, status,2, status,0
 Tracked objects:
		On entry : 
		On exit  : 
		Unchanged: 
 Data sizes:     COMMON   BANK0   BANK1
      Params:         1       0       0
      Locals:         2       0       0
      Temps:          1       0       0
      Totals:         4       0       0
Total ram usage:        4 bytes
 Hardware stack levels used:    1
 This function calls:
		Nothing
 This function is called by:
		_draw_temp
 This function uses a non-reentrant model


 *************** function ___awdiv *****************
 Defined at:
		line 5 in file "/opt/microchip/xc8/v2.10/pic/sources/c90/common/awdiv.c"
 Parameters:    Size  Location     Type
  divisor         2    0[COMMON] int 
  dividend        2    2[COMMON] int 
 Auto vars:     Size  Location     Type
  quotient        2    7[COMMON] int 
  sign            1    6[COMMON] unsigned char 
  counter         1    5[COMMON] unsigned char 
 Return value:  Size  Location     Type
                  2    0[COMMON] int 
 Registers used:
		wreg, status,2, status,0
 Tracked objects:
		On entry : 
		On exit  : 
		Unchanged: 
 Data sizes:     COMMON   BANK0   BANK1
      Params:         4       0       0
      Locals:         4       0       0
      Temps:          1       0       0
      Totals:         9       0       0
Total ram usage:        9 bytes
 Hardware stack levels used:    1
 This function calls:
		Nothing
 This function is called by:
		_get_temp_value
		_draw_temp
		_draw_to_LED
 This function uses a non-reentrant model


 *************** function _draw_needed_amount *****************
 Defined at:
		line 220 in file "7-segment-x-3.c"
 Parameters:    Size  Location     Type
  i               1    wreg     unsigned char 
 Auto vars:     Size  Location     Type
  i               1    6[COMMON] unsigned char 
 Return value:  Size  Location     Type
                  1    wreg      void 
 Registers used:
		wreg, fsr0l, fsr0h, status,2, status,0, pclath, cstack
 Tracked objects:
		On entry : 
		On exit  : 
		Unchanged: 
 Data sizes:     COMMON   BANK0   BANK1
      Params:         0       0       0
      Locals:         1       0       0
      Temps:          0       0       0
      Totals:         1       0       0
Total ram usage:        1 bytes
 Hardware stack levels used:    1
 Hardware stack levels required when called:    2
 This function calls:
		_show_LED1
		_show_LED2
		_show_LED3
 This function is called by:
		_main
 This function uses a non-reentrant model


 *************** function _draw_minus *****************
 Defined at:
		line 226 in file "7-segment-x-3.c"
 Parameters:    Size  Location     Type
		None
 Auto vars:     Size  Location     Type
		None
 Return value:  Size  Location     Type
                  1    wreg      void 
 Registers used:
		wreg, fsr0l, fsr0h, status,2, status,0, pclath, cstack
 Tracked objects:
		On entry : 
		On exit  : 
		Unchanged: 
 Data sizes:     COMMON   BANK0   BANK1
      Params:         0       0       0
      Locals:         0       0       0
      Temps:          0       0       0
      Totals:         0       0       0
Total ram usage:        0 bytes
 Hardware stack levels used:    1
 Hardware stack levels required when called:    2
 This function calls:
		_show_LED1
		_show_LED2
		_show_LED3
 This function is called by:
		_main
 This function uses a non-reentrant model


 *************** function _draw_hot *****************
 Defined at:
		line 238 in file "7-segment-x-3.c"
 Parameters:    Size  Location     Type
		None
 Auto vars:     Size  Location     Type
		None
 Return value:  Size  Location     Type
                  1    wreg      void 
 Registers used:
		wreg, fsr0l, fsr0h, status,2, status,0, pclath, cstack
 Tracked objects:
		On entry : 
		On exit  : 
		Unchanged: 
 Data sizes:     COMMON   BANK0   BANK1
      Params:         0       0       0
      Locals:         0       0       0
      Temps:          0       0       0
      Totals:         0       0       0
Total ram usage:        0 bytes
 Hardware stack levels used:    1
 Hardware stack levels required when called:    2
 This function calls:
		_show_LED1
		_show_LED2
		_show_LED3
 This function is called by:
		_main
 This function uses a non-reentrant model


 *************** function _draw_add *****************
 Defined at:
		line 201 in file "7-segment-x-3.c"
 Parameters:    Size  Location     Type
		None
 Auto vars:     Size  Location     Type
		None
 Return value:  Size  Location     Type
                  1    wreg      void 
 Registers used:
		wreg, fsr0l, fsr0h, status,2, status,0, pclath, cstack
 Tracked objects:
		On entry : 
		On exit  : 
		Unchanged: 
 Data sizes:     COMMON   BANK0   BANK1
      Params:         0       0       0
      Locals:         0       0       0
      Temps:          0       0       0
      Totals:         0       0       0
Total ram usage:        0 bytes
 Hardware stack levels used:    1
 Hardware stack levels required when called:    2
 This function calls:
		_show_LED1
		_show_LED2
		_show_LED3
 This function is called by:
		_main
 This function uses a non-reentrant model


 *************** function _show_LED3 *****************
 Defined at:
		line 194 in file "7-segment-x-3.c"
 Parameters:    Size  Location     Type
  c               1    wreg     unsigned char 
 Auto vars:     Size  Location     Type
  c               1    5[COMMON] unsigned char 
 Return value:  Size  Location     Type
                  1    wreg      void 
 Registers used:
		wreg, fsr0l, fsr0h, status,2, status,0, pclath, cstack
 Tracked objects:
		On entry : 
		On exit  : 
		Unchanged: 
 Data sizes:     COMMON   BANK0   BANK1
      Params:         0       0       0
      Locals:         1       0       0
      Temps:          2       0       0
      Totals:         3       0       0
Total ram usage:        3 bytes
 Hardware stack levels used:    1
 Hardware stack levels required when called:    1
 This function calls:
		_convert_to_segment
 This function is called by:
		_main
		_draw_add
		_draw_temp
		_draw_needed_amount
		_draw_minus
		_draw_to
		_draw_hot
		_draw_to_LED
 This function uses a non-reentrant model


 *************** function _show_LED2 *****************
 Defined at:
		line 187 in file "7-segment-x-3.c"
 Parameters:    Size  Location     Type
  c               1    wreg     unsigned char 
 Auto vars:     Size  Location     Type
  c               1    5[COMMON] unsigned char 
 Return value:  Size  Location     Type
                  1    wreg      void 
 Registers used:
		wreg, fsr0l, fsr0h, status,2, status,0, pclath, cstack
 Tracked objects:
		On entry : 
		On exit  : 
		Unchanged: 
 Data sizes:     COMMON   BANK0   BANK1
      Params:         0       0       0
      Locals:         1       0       0
      Temps:          2       0       0
      Totals:         3       0       0
Total ram usage:        3 bytes
 Hardware stack levels used:    1
 Hardware stack levels required when called:    1
 This function calls:
		_convert_to_segment
 This function is called by:
		_main
		_draw_add
		_draw_temp
		_draw_needed_amount
		_draw_minus
		_draw_to
		_draw_hot
		_draw_to_LED
 This function uses a non-reentrant model


 *************** function _show_LED1 *****************
 Defined at:
		line 180 in file "7-segment-x-3.c"
 Parameters:    Size  Location     Type
  c               1    wreg     unsigned char 
 Auto vars:     Size  Location     Type
  c               1    5[COMMON] unsigned char 
 Return value:  Size  Location     Type
                  1    wreg      void 
 Registers used:
		wreg, fsr0l, fsr0h, status,2, status,0, pclath, cstack
 Tracked objects:
		On entry : 
		On exit  : 
		Unchanged: 
 Data sizes:     COMMON   BANK0   BANK1
      Params:         0       0       0
      Locals:         1       0       0
      Temps:          2       0       0
      Totals:         3       0       0
Total ram usage:        3 bytes
 Hardware stack levels used:    1
 Hardware stack levels required when called:    1
 This function calls:
		_convert_to_segment
 This function is called by:
		_main
		_draw_add
		_draw_temp
		_draw_needed_amount
		_draw_minus
		_draw_to
		_draw_hot
		_draw_to_LED
 This function uses a non-reentrant model


 *************** function _convert_to_segment *****************
 Defined at:
		line 4 in file "7-segment-x-3.c"
 Parameters:    Size  Location     Type
  value           1    wreg     unsigned char 
 Auto vars:     Size  Location     Type
  value           1    2[COMMON] unsigned char 
 Return value:  Size  Location     Type
                  1    wreg      void 
 Registers used:
		wreg, fsr0l, fsr0h, status,2, status,0
 Tracked objects:
		On entry : 
		On exit  : 
		Unchanged: 
 Data sizes:     COMMON   BANK0   BANK1
      Params:         0       0       0
      Locals:         1       0       0
      Temps:          2       0       0
      Totals:         3       0       0
Total ram usage:        3 bytes
 Hardware stack levels used:    1
 This function calls:
		Nothing
 This function is called by:
		_show_LED1
		_show_LED2
		_show_LED3
 This function uses a non-reentrant model


 *************** function ___xxtofl *****************
 Defined at:
		line 10 in file "/opt/microchip/xc8/v2.10/pic/sources/c90/common/xxtofl.c"
 Parameters:    Size  Location     Type
  sign            1    wreg     unsigned char 
  val             4    0[COMMON] long 
 Auto vars:     Size  Location     Type
  sign            1    8[COMMON] unsigned char 
  arg             4   10[COMMON] unsigned long 
  exp             1    9[COMMON] unsigned char 
 Return value:  Size  Location     Type
                  4    0[COMMON] unsigned char 
 Registers used:
		wreg, status,2, status,0
 Tracked objects:
		On entry : 
		On exit  : 
		Unchanged: 
 Data sizes:     COMMON   BANK0   BANK1
      Params:         4       0       0
      Locals:         6       0       0
      Temps:          4       0       0
      Totals:        14       0       0
Total ram usage:       14 bytes
 Hardware stack levels used:    1
 This function calls:
		Nothing
 This function is called by:
		_main
 This function uses a non-reentrant model


 *************** function ___fltol *****************
 Defined at:
		line 43 in file "/opt/microchip/xc8/v2.10/pic/sources/c90/common/fltol.c"
 Parameters:    Size  Location     Type
  f1              4   26[BANK0 ] unsigned char 
 Auto vars:     Size  Location     Type
  exp1            1   36[BANK0 ] unsigned char 
  sign1           1   35[BANK0 ] unsigned char 
 Return value:  Size  Location     Type
                  4   26[BANK0 ] long 
 Registers used:
		wreg, status,2, status,0
 Tracked objects:
		On entry : 
		On exit  : 
		Unchanged: 
 Data sizes:     COMMON   BANK0   BANK1
      Params:         0       4       0
      Locals:         0       2       0
      Temps:          0       5       0
      Totals:         0      11       0
Total ram usage:       11 bytes
 Hardware stack levels used:    1
 This function calls:
		Nothing
 This function is called by:
		_main
 This function uses a non-reentrant model


 *************** function ___fldiv *****************
 Defined at:
		line 8 in file "/opt/microchip/xc8/v2.10/pic/sources/c90/common/sprcdiv.c"
 Parameters:    Size  Location     Type
  a               4    0[BANK0 ] long 
  b               4    4[BANK0 ] long 
 Auto vars:     Size  Location     Type
  grs             4   20[BANK0 ] unsigned long 
  rem             4   13[BANK0 ] unsigned long 
  new_exp         2   18[BANK0 ] int 
  aexp            1   25[BANK0 ] unsigned char 
  bexp            1   24[BANK0 ] unsigned char 
  sign            1   17[BANK0 ] unsigned char 
 Return value:  Size  Location     Type
                  4    0[BANK0 ] unsigned char 
 Registers used:
		wreg, status,2, status,0, btemp+1
 Tracked objects:
		On entry : 
		On exit  : 
		Unchanged: 
 Data sizes:     COMMON   BANK0   BANK1
      Params:         0       8       0
      Locals:         0      13       0
      Temps:          0       5       0
      Totals:         0      26       0
Total ram usage:       26 bytes
 Hardware stack levels used:    1
 This function calls:
		Nothing
 This function is called by:
		_main
 This function uses a non-reentrant model


 *************** function _ADC_Start *****************
 Defined at:
		line 10 in file "adc_pic16.c"
 Parameters:    Size  Location     Type
  channel         1    wreg     unsigned char 
 Auto vars:     Size  Location     Type
  channel         1    2[COMMON] unsigned char 
 Return value:  Size  Location     Type
                  1    wreg      void 
 Registers used:
		wreg, status,2, status,0
 Tracked objects:
		On entry : 
		On exit  : 
		Unchanged: 
 Data sizes:     COMMON   BANK0   BANK1
      Params:         0       0       0
      Locals:         1       0       0
      Temps:          2       0       0
      Totals:         3       0       0
Total ram usage:        3 bytes
 Hardware stack levels used:    1
 This function calls:
		Nothing
 This function is called by:
		_main
 This function uses a non-reentrant model


 *************** function _ADC_Init *****************
 Defined at:
		line 4 in file "adc_pic16.c"
 Parameters:    Size  Location     Type
		None
 Auto vars:     Size  Location     Type
		None
 Return value:  Size  Location     Type
                  1    wreg      void 
 Registers used:
		wreg
 Tracked objects:
		On entry : 
		On exit  : 
		Unchanged: 
 Data sizes:     COMMON   BANK0   BANK1
      Params:         0       0       0
      Locals:         0       0       0
      Temps:          0       0       0
      Totals:         0       0       0
Total ram usage:        0 bytes
 Hardware stack levels used:    1
 This function calls:
		Nothing
 This function is called by:
		_main
 This function uses a non-reentrant model



MODULE INFORMATION

Module		Function		Class		Link	Load	Size
/opt/microchip/xc8/v2.10/pic/sources/c90/common/fltol.c
		___fltol       		CODE           	0258	0000	124

/opt/microchip/xc8/v2.10/pic/sources/c90/common/fltol.c estimated size: 124

/opt/microchip/xc8/v2.10/pic/sources/c90/common/awdiv.c
		___awdiv       		CODE           	01F1	0000	104

/opt/microchip/xc8/v2.10/pic/sources/c90/common/awdiv.c estimated size: 104

shared
		__initialization		CODE           	07F5	0000	10

shared estimated size: 10

/opt/microchip/xc8/v2.10/pic/sources/c90/common/Umul8.c
		___bmul        		CODE           	012C	0000	22

/opt/microchip/xc8/v2.10/pic/sources/c90/common/Umul8.c estimated size: 22

7-segment-x-3.c
		_init_LED      		CODE           	0141	0000	30
		_draw_minus    		CODE           	00DB	0000	8
		_draw_hot      		CODE           	00D4	0000	8
		_show_LED1     		CODE           	00F9	0000	18
		_show_LED2     		CODE           	010A	0000	18
		_show_LED3     		CODE           	011B	0000	18
		_draw_add      		CODE           	00CD	0000	8
		_draw_needed_amount		CODE           	00E9	0000	9
		_convert_to_segment		CODE           	038D	0000	239
		_draw_to       		CODE           	00E2	0000	8
		_draw_temp     		CODE           	01B7	0000	59

7-segment-x-3.c estimated size: 423

main.c
		_main          		CODE           	047B	0000	419
		_get_temp_value		CODE           	0182	0000	54

main.c estimated size: 473

/opt/microchip/xc8/v2.10/pic/sources/c90/common/xxtofl.c
		___xxtofl      		CODE           	02D3	0000	187

/opt/microchip/xc8/v2.10/pic/sources/c90/common/xxtofl.c estimated size: 187

/opt/microchip/xc8/v2.10/pic/sources/c90/common/sprcdiv.c
		___fldiv       		CODE           	061D	0000	473

/opt/microchip/xc8/v2.10/pic/sources/c90/common/sprcdiv.c estimated size: 473

adc_pic16.c
		_ADC_Start     		CODE           	015E	0000	37
		_ADC_Init      		CODE           	00C6	0000	8

adc_pic16.c estimated size: 45

